/home/yashb98/venvs/duan/lib/python3.12/site-packages/huggingface_hub/constants.py:299: FutureWarning: The `HF_HUB_ENABLE_HF_TRANSFER` environment variable is deprecated as 'hf_transfer' is not used anymore. Please use `HF_XET_HIGH_PERFORMANCE` instead to enable high performance transfer with Xet. Visit https://huggingface.co/docs/huggingface_hub/package_reference/environment_variables#hfxethighperformance for more details.
  warnings.warn(
/opt/miniforge3/lib/python3.12/site-packages/requests/__init__.py:113: RequestsDependencyWarning: urllib3 (2.5.0) or chardet (6.0.0.post1)/charset_normalizer (3.4.2) doesn't match a supported version!
  warnings.warn(
config: {"name": "gemma_2_2b", "protocol": "v2", "smoke": false, "N_TEXTS": 8000, "N_CONTEXTS": 2048, "N_FEATURES": 300, "CTX_PER_TYPE": 16, "PANEL": 2048, "SEQ_LEN": 48, "ALPHA": 1.0, "alpha_mode": "fixed", "context_split": "none", "random_directions": false, "TAU": 0.05, "TOPK_CROWD": 20, "FREQ_BAND": [0.002, 0.5], "dtype": "float32", "seed": 0}
[    3.7s] device NVIDIA GB10; loading SAEs
[    6.0s] SAEs loaded: primary d_sae=16384 (blocks.12.hook_resid_post), downstream d_sae=16384 (blocks.16.hook_resid_post); model_from_pretrained_kwargs={}; prepend_bos=True
/home/yashb98/Downloads/sae-steering-collateral-residualization/src/run_setting.py:193: DeprecationWarning: HookedTransformer.from_pretrained is deprecated and will be removed in a future major release. Use TransformerBridge.boot_transformers(...) instead, then call enable_compatibility_mode() for HookedTransformer-equivalent numerics. See docs/source/content/migrating_to_v3.md.
  model = loader(cfg["model_name"], hf_model=hf_model, device=device, dtype=dtype, **model_kwargs).eval()
WARNING:root:You tried to specify center_unembed=True for a model using logit softcap, but this can't be done! Softcapping is not invariant upon adding a constant Setting center_unembed=False instead.
Loading weights:   0%|          | 0/288 [00:00<?, ?it/s]Loading weights: 100%|██████████| 288/288 [00:00<00:00, 7829.40it/s]
Loaded pretrained model google/gemma-2-2b into HookedTransformer
[   14.2s] model loaded: google/gemma-2-2b d_model=2304 n_layers=26 norm=RMSPre dtype=float32
[   14.2s] streaming wikitext-103 train split
[   22.1s] collected 8000 texts (dupes removed: 0); tokenising and caching clean activations
[   22.7s] 2048 contexts x 48 tokens; short texts dropped (v2): 32; contexts whose final token is the pad token: 0
[  110.0s] cached clean final-token activations: prim (2048, 16384) down (2048, 16384); mean L0 primary=83.0 downstream=79.2; primary features never firing=28.6%
[  110.3s] predictors: crowding done
eligible features: 7517 of 16384 | sampled: 300
panel 2048 features; 2011 with firing frequency <= 0.1
[  110.5s] predictors: all done
[  110.5s] steering 300 features x 48 contexts
[  403.5s]   steered 50/300
[  708.5s]   steered 100/300
[ 1010.9s]   steered 150/300
[ 1307.0s]   steered 200/300
[ 1606.7s]   steered 250/300
[ 1907.8s]   steered 300/300
[ 1907.8s] steering done
{
 "rho_crowding__collateral_raw": 0.5121,
 "rho_frequency__collateral_raw": 0.3794,
 "rho_act_mag__collateral_raw": 0.4863,
 "partial_crowding__collateral_raw__given_freq_actmag": 0.4683,
 "rho_crowding__collateral_ctilde": 0.0691,
 "rho_frequency__collateral_ctilde": 0.4709,
 "rho_act_mag__collateral_ctilde": 0.4291,
 "partial_crowding__collateral_ctilde__given_freq_actmag": 0.0523,
 "crowd_rho_lowfreq_half": 0.6479,
 "crowd_rho_highfreq_half": 0.4137,
 "rho_crowding__collateral_raw_nodense": 0.5154,
 "rho_crowding__resid_delta_norm": 0.6257,
 "mean_resid_reconstruction_norm_ratio": 2.2892,
 "mean_resid_change_explained_energy": -13.7657
}
[ 1925.5s] wrote /tmp/duan_verified_reruns/gemma_2_2b/per_feature.csv, selection.json, meta.json
