config: {"name": "gpt2_small", "protocol": "v2", "smoke": false, "N_TEXTS": 8000, "N_CONTEXTS": 2048, "N_FEATURES": 300, "CTX_PER_TYPE": 16, "PANEL": 2048, "SEQ_LEN": 48, "ALPHA": 2.0, "alpha_mode": "fixed", "context_split": "none", "random_directions": false, "TAU": 0.05, "TOPK_CROWD": 20, "FREQ_BAND": [0.002, 0.5], "dtype": "float32", "seed": 0}
[    3.7s] device NVIDIA GB10; loading SAEs
[    7.1s] SAEs loaded: primary d_sae=24576 (blocks.8.hook_resid_pre), downstream d_sae=24576 (blocks.10.hook_resid_pre); model_from_pretrained_kwargs={'center_writing_weights': True}; prepend_bos=True
Loaded pretrained model gpt2 into HookedTransformer
[    9.5s] model loaded: gpt2 d_model=768 n_layers=12 norm=LNPre dtype=float32
[    9.5s] streaming wikitext-103 train split
[   20.4s] collected 8000 texts (dupes removed: 0); tokenising and caching clean activations
[   21.0s] 2048 contexts x 48 tokens; short texts dropped (v2): 36; contexts whose final token is the pad token: 0
[   27.9s] cached clean final-token activations: prim (2048, 24576) down (2048, 24576); mean L0 primary=71.8 downstream=60.0; primary features never firing=26.5%
[   28.3s] predictors: crowding done
eligible features: 7532 of 24576 | sampled: 300
panel 2048 features; 2042 with firing frequency <= 0.1
[   28.4s] predictors: all done
[   28.4s] steering 300 features x 48 contexts
[  113.7s] steering done
{
 "rho_crowding__collateral_raw": 0.4598,
 "rho_frequency__collateral_raw": 0.1378,
 "rho_act_mag__collateral_raw": 0.1151,
 "partial_crowding__collateral_raw__given_freq_actmag": 0.4904,
 "rho_crowding__collateral_ctilde": 0.1446,
 "rho_frequency__collateral_ctilde": 0.0223,
 "rho_act_mag__collateral_ctilde": 0.0748,
 "partial_crowding__collateral_ctilde__given_freq_actmag": 0.1298,
 "crowd_rho_lowfreq_half": 0.6134,
 "crowd_rho_highfreq_half": 0.2999,
 "rho_crowding__collateral_raw_nodense": 0.456,
 "rho_crowding__resid_delta_norm": 0.3283,
 "mean_resid_sae_frac": 0.8421
}
[  113.8s] wrote results/gpt2_small_alpha2/per_feature.csv, selection.json, meta.json
