config: {"name": "gpt2_small", "protocol": "v1", "smoke": false, "N_TEXTS": 8000, "N_CONTEXTS": 2048, "N_FEATURES": 300, "CTX_PER_TYPE": 16, "PANEL": 2048, "SEQ_LEN": 48, "ALPHA": 1.0, "TAU": 0.05, "TOPK_CROWD": 20, "FREQ_BAND": [0.002, 0.5], "dtype": "float32", "seed": 0}
[    3.4s] device NVIDIA GB10; loading SAEs
Warning: You are sending unauthenticated requests to the HF Hub. Please set a HF_TOKEN to enable higher rate limits and faster downloads.
[    6.3s] SAEs loaded: primary d_sae=24576 (blocks.8.hook_resid_pre), downstream d_sae=24576 (blocks.10.hook_resid_pre); model_from_pretrained_kwargs={'center_writing_weights': True}; prepend_bos=True
Loaded pretrained model gpt2 into HookedTransformer
[    8.3s] model loaded: gpt2 d_model=768 n_layers=12 norm=LNPre dtype=float32
[    8.3s] streaming wikitext-103 train split
[   15.6s] collected 8000 texts (dupes removed: 0); tokenising and caching clean activations
[   16.0s] 2048 contexts x 48 tokens; short texts dropped (v2): 0; contexts whose final token is the pad token: 33
[   22.2s] cached clean final-token activations: prim (2048, 24576) down (2048, 24576)
[   22.5s] predictors: crowding done
eligible features: 7469 of 24576 | sampled: 300
[   22.7s] predictors: all done
[   22.7s] steering 300 features x 48 contexts
[   35.1s]   steered 50/300
[   47.5s]   steered 100/300
[   59.9s]   steered 150/300
[   72.3s]   steered 200/300
[   84.8s]   steered 250/300
[   97.3s]   steered 300/300
[   97.3s] steering done
{
 "rho_crowding__collateral_raw": 0.5545,
 "rho_frequency__collateral_raw": 0.2287,
 "rho_act_mag__collateral_raw": 0.2206,
 "partial_crowding__collateral_raw__given_freq_actmag": 0.5717,
 "rho_crowding__collateral_ctilde": 0.4034,
 "rho_frequency__collateral_ctilde": 0.1238,
 "rho_act_mag__collateral_ctilde": 0.1424,
 "partial_crowding__collateral_ctilde__given_freq_actmag": 0.4027,
 "crowd_rho_lowfreq_half": 0.6579,
 "crowd_rho_highfreq_half": 0.4499
}
[   97.4s] wrote results/gpt2_small_v1/per_feature.csv, selection.json, meta.json
