config: {"name": "gpt2_small", "protocol": "v2", "smoke": false, "N_TEXTS": 8000, "N_CONTEXTS": 2048, "N_FEATURES": 300, "CTX_PER_TYPE": 16, "PANEL": 2048, "SEQ_LEN": 48, "ALPHA": 0.5, "alpha_mode": "fixed", "context_split": "none", "random_directions": false, "TAU": 0.05, "TOPK_CROWD": 20, "FREQ_BAND": [0.002, 0.5], "dtype": "float32", "seed": 0}
[    3.6s] device NVIDIA GB10; loading SAEs
[    6.5s] SAEs loaded: primary d_sae=24576 (blocks.8.hook_resid_pre), downstream d_sae=24576 (blocks.10.hook_resid_pre); model_from_pretrained_kwargs={'center_writing_weights': True}; prepend_bos=True
Loaded pretrained model gpt2 into HookedTransformer
[    8.8s] model loaded: gpt2 d_model=768 n_layers=12 norm=LNPre dtype=float32
[    8.8s] streaming wikitext-103 train split
[   16.9s] collected 8000 texts (dupes removed: 0); tokenising and caching clean activations
[   17.6s] 2048 contexts x 48 tokens; short texts dropped (v2): 36; contexts whose final token is the pad token: 0
[   24.1s] cached clean final-token activations: prim (2048, 24576) down (2048, 24576); mean L0 primary=71.8 downstream=60.0; primary features never firing=26.5%
[   24.5s] predictors: crowding done
eligible features: 7532 of 24576 | sampled: 300
panel 2048 features; 2042 with firing frequency <= 0.1
[   24.6s] predictors: all done
[   24.6s] steering 300 features x 48 contexts
[  105.1s] steering done
{
 "rho_crowding__collateral_raw": 0.4867,
 "rho_frequency__collateral_raw": 0.1875,
 "rho_act_mag__collateral_raw": 0.1164,
 "partial_crowding__collateral_raw__given_freq_actmag": 0.5402,
 "rho_crowding__collateral_ctilde": 0.4709,
 "rho_frequency__collateral_ctilde": 0.1559,
 "rho_act_mag__collateral_ctilde": 0.0988,
 "partial_crowding__collateral_ctilde__given_freq_actmag": 0.5165,
 "crowd_rho_lowfreq_half": 0.585,
 "crowd_rho_highfreq_half": 0.4197,
 "rho_crowding__collateral_raw_nodense": 0.4879,
 "rho_crowding__resid_delta_norm": 0.3295,
 "mean_resid_sae_frac": 0.846
}
[  105.1s] wrote results/gpt2_small_alpha0.5/per_feature.csv, selection.json, meta.json
