config: {"name": "gpt2_small", "protocol": "v2", "smoke": false, "N_TEXTS": 8000, "N_CONTEXTS": 2048, "N_FEATURES": 300, "CTX_PER_TYPE": 16, "PANEL": 2048, "SEQ_LEN": 48, "ALPHA": 1.0, "alpha_mode": "q95", "context_split": "none", "random_directions": false, "TAU": 0.05, "TOPK_CROWD": 20, "FREQ_BAND": [0.002, 0.5], "dtype": "float32", "seed": 0}
[    3.6s] device NVIDIA GB10; loading SAEs
[    6.8s] SAEs loaded: primary d_sae=24576 (blocks.8.hook_resid_pre), downstream d_sae=24576 (blocks.10.hook_resid_pre); model_from_pretrained_kwargs={'center_writing_weights': True}; prepend_bos=True
Loaded pretrained model gpt2 into HookedTransformer
[    9.4s] model loaded: gpt2 d_model=768 n_layers=12 norm=LNPre dtype=float32
[    9.4s] streaming wikitext-103 train split
[   16.1s] collected 8000 texts (dupes removed: 0); tokenising and caching clean activations
[   16.6s] 2048 contexts x 48 tokens; short texts dropped (v2): 36; contexts whose final token is the pad token: 0
[   22.9s] cached clean final-token activations: prim (2048, 24576) down (2048, 24576); mean L0 primary=71.8 downstream=60.0; primary features never firing=26.5%
[   23.6s] predictors: crowding done
eligible features: 7532 of 24576 | sampled: 300
panel 2048 features; 2042 with firing frequency <= 0.1
[   23.8s] predictors: all done
[   23.8s] steering 300 features x 48 contexts
[   97.8s] steering done
{
 "rho_crowding__collateral_raw": 0.3522,
 "rho_frequency__collateral_raw": 0.1302,
 "rho_act_mag__collateral_raw": 0.6516,
 "partial_crowding__collateral_raw__given_freq_actmag": 0.2227,
 "rho_crowding__collateral_ctilde": -0.2336,
 "rho_frequency__collateral_ctilde": 0.0901,
 "rho_act_mag__collateral_ctilde": -0.5681,
 "partial_crowding__collateral_ctilde__given_freq_actmag": 0.0331,
 "crowd_rho_lowfreq_half": 0.4568,
 "crowd_rho_highfreq_half": 0.2605,
 "rho_crowding__collateral_raw_nodense": 0.3487,
 "rho_crowding__resid_delta_norm": 0.2866,
 "mean_resid_sae_frac": 0.8308
}
[   97.8s] wrote results/gpt2_small_q95/per_feature.csv, selection.json, meta.json
