config: {"name": "gpt2_small", "protocol": "v2", "smoke": false, "N_TEXTS": 8000, "N_CONTEXTS": 2048, "N_FEATURES": 300, "CTX_PER_TYPE": 16, "PANEL": 2048, "SEQ_LEN": 48, "ALPHA": 1.0, "alpha_mode": "fixed", "context_split": "none", "random_directions": true, "TAU": 0.05, "TOPK_CROWD": 20, "FREQ_BAND": [0.002, 0.5], "dtype": "float32", "seed": 0}
[    3.7s] device NVIDIA GB10; loading SAEs
[    6.7s] SAEs loaded: primary d_sae=24576 (blocks.8.hook_resid_pre), downstream d_sae=24576 (blocks.10.hook_resid_pre); model_from_pretrained_kwargs={'center_writing_weights': True}; prepend_bos=True
Loaded pretrained model gpt2 into HookedTransformer
[    8.7s] model loaded: gpt2 d_model=768 n_layers=12 norm=LNPre dtype=float32
[    8.7s] streaming wikitext-103 train split
[   15.0s] collected 8000 texts (dupes removed: 0); tokenising and caching clean activations
[   15.6s] 2048 contexts x 48 tokens; short texts dropped (v2): 36; contexts whose final token is the pad token: 0
[   21.4s] cached clean final-token activations: prim (2048, 24576) down (2048, 24576); mean L0 primary=71.8 downstream=60.0; primary features never firing=26.5%
[   21.7s] predictors: crowding done
eligible features: 7532 of 24576 | sampled: 300
panel 2048 features; 2042 with firing frequency <= 0.1
[   21.8s] predictors: all done
[   21.8s] steering 300 features x 48 contexts
[   88.8s] steering done
{
 "rho_crowding__collateral_raw": 0.0207,
 "rho_frequency__collateral_raw": NaN,
 "rho_act_mag__collateral_raw": NaN,
 "partial_crowding__collateral_raw__given_freq_actmag": NaN,
 "rho_crowding__collateral_ctilde": 0.0164,
 "rho_frequency__collateral_ctilde": NaN,
 "rho_act_mag__collateral_ctilde": NaN,
 "partial_crowding__collateral_ctilde__given_freq_actmag": NaN,
 "rho_crowding__collateral_raw_nodense": 0.0167,
 "rho_crowding__resid_delta_norm": 0.0698,
 "mean_resid_sae_frac": 0.7743
}
[   88.8s] wrote results/gpt2_small_random/per_feature.csv, selection.json, meta.json
