config: {"name": "gpt2_small", "protocol": "v1", "smoke": true, "N_TEXTS": 600, "N_CONTEXTS": 128, "N_FEATURES": 12, "CTX_PER_TYPE": 4, "PANEL": 256, "SEQ_LEN": 48, "ALPHA": 1.0, "TAU": 0.05, "TOPK_CROWD": 20, "FREQ_BAND": [0.002, 0.5], "dtype": "float32", "seed": 0}
[    3.4s] device NVIDIA GB10; loading SAEs
Warning: You are sending unauthenticated requests to the HF Hub. Please set a HF_TOKEN to enable higher rate limits and faster downloads.
/home/yashb98/venvs/duan/lib/python3.12/site-packages/sae_lens/saes/sae.py:254: UserWarning: 
This SAE has non-empty model_from_pretrained_kwargs. 
For optimal performance, load the model like so:
model = HookedSAETransformer.from_pretrained_no_processing(..., **cfg.model_from_pretrained_kwargs)
[   41.7s] SAEs loaded: primary d_sae=24576 (blocks.8.hook_resid_pre), downstream d_sae=24576 (blocks.10.hook_resid_pre); model_from_pretrained_kwargs={'center_writing_weights': True}; prepend_bos=True
/home/yashb98/Downloads/sae-steering-collateral-residualization/src/run_setting.py:142: DeprecationWarning: HookedTransformer.from_pretrained is deprecated and will be removed in a future major release. Use TransformerBridge.boot_transformers(...) instead, then call enable_compatibility_mode() for HookedTransformer-equivalent numerics. See docs/source/content/migrating_to_v3.md.
  model = HookedTransformer.from_pretrained(cfg["model_name"], device=device, dtype=dtype, **model_kwargs).eval()
Loading weights:   0%|          | 0/148 [00:00<?, ?it/s]Loading weights: 100%|██████████| 148/148 [00:00<00:00, 4604.37it/s]
Loaded pretrained model gpt2 into HookedTransformer
[   43.9s] model loaded: gpt2 d_model=768 n_layers=12 norm=LNPre dtype=float32
[   43.9s] streaming wikitext-103 train split
[   53.3s] collected 600 texts (dupes removed: 0); tokenising and caching clean activations
[   53.4s] 128 contexts x 48 tokens; short texts dropped (v2): 0; contexts whose final token is the pad token: 3
[   54.2s] cached clean final-token activations: prim (128, 24576) down (128, 24576)
[   54.6s] predictors: crowding done
eligible features: 5152 of 24576 | sampled: 12
[   54.7s] predictors: all done
[   54.7s] steering 12 features x 12 contexts
[   54.9s]   steered 2/12
[   55.0s]   steered 4/12
[   55.1s]   steered 6/12
[   55.3s]   steered 8/12
[   55.4s]   steered 10/12
[   55.5s]   steered 12/12
[   55.5s] steering done
{
 "rho_crowding__collateral_raw": 0.5609,
 "rho_frequency__collateral_raw": 0.3307,
 "rho_act_mag__collateral_raw": -0.1623,
 "partial_crowding__collateral_raw__given_freq_actmag": 0.3969,
 "rho_crowding__collateral_ctilde": 0.4685,
 "rho_frequency__collateral_ctilde": 0.3278,
 "rho_act_mag__collateral_ctilde": -0.1678,
 "partial_crowding__collateral_ctilde__given_freq_actmag": 0.2659,
 "crowd_rho_lowfreq_half": 0.9271,
 "crowd_rho_highfreq_half": -0.6325
}
[   55.6s] wrote results/gpt2_small_smoke_v1/per_feature.csv, selection.json, meta.json
