config: {"name": "gpt2_small", "protocol": "v2", "smoke": false, "N_TEXTS": 8000, "N_CONTEXTS": 2048, "N_FEATURES": 300, "CTX_PER_TYPE": 16, "PANEL": 2048, "SEQ_LEN": 48, "ALPHA": 1.0, "alpha_mode": "fixed", "context_split": "A", "random_directions": false, "TAU": 0.05, "TOPK_CROWD": 20, "FREQ_BAND": [0.002, 0.5], "dtype": "float32", "seed": 0}
[    3.5s] device NVIDIA GB10; loading SAEs
[    6.4s] SAEs loaded: primary d_sae=24576 (blocks.8.hook_resid_pre), downstream d_sae=24576 (blocks.10.hook_resid_pre); model_from_pretrained_kwargs={'center_writing_weights': True}; prepend_bos=True
Loaded pretrained model gpt2 into HookedTransformer
[    8.5s] model loaded: gpt2 d_model=768 n_layers=12 norm=LNPre dtype=float32
[    8.5s] streaming wikitext-103 train split
[   15.8s] collected 8000 texts (dupes removed: 0); tokenising and caching clean activations
[   16.4s] 2048 contexts x 48 tokens; short texts dropped (v2): 36; contexts whose final token is the pad token: 0
[   22.3s] cached clean final-token activations: prim (2048, 24576) down (2048, 24576); mean L0 primary=71.8 downstream=60.0; primary features never firing=26.5%
[   22.7s] predictors: crowding done
eligible features: 7532 of 24576 | sampled: 300
panel 2048 features; 2042 with firing frequency <= 0.1
[   22.8s] predictors: all done
[   22.8s] steering 300 features x 48 contexts
[   94.5s] steering done
{
 "rho_crowding__collateral_raw": 0.4886,
 "rho_frequency__collateral_raw": 0.0627,
 "rho_act_mag__collateral_raw": 0.0742,
 "partial_crowding__collateral_raw__given_freq_actmag": 0.5078,
 "rho_crowding__collateral_ctilde": 0.3529,
 "rho_frequency__collateral_ctilde": 0.0206,
 "rho_act_mag__collateral_ctilde": 0.0664,
 "partial_crowding__collateral_ctilde__given_freq_actmag": 0.3527,
 "crowd_rho_lowfreq_half": 0.609,
 "crowd_rho_highfreq_half": 0.339,
 "rho_crowding__collateral_raw_nodense": 0.4912,
 "rho_crowding__resid_delta_norm": 0.2971,
 "mean_resid_sae_frac": 0.8763
}
[   94.5s] wrote results/gpt2_small_ctxA/per_feature.csv, selection.json, meta.json
