config: {"name": "gpt2_small", "protocol": "v2", "smoke": false, "N_TEXTS": 8000, "N_CONTEXTS": 2048, "N_FEATURES": 300, "CTX_PER_TYPE": 16, "PANEL": 2048, "SEQ_LEN": 48, "ALPHA": 1.0, "TAU": 0.05, "TOPK_CROWD": 20, "FREQ_BAND": [0.002, 0.5], "dtype": "float32", "seed": 1}
[    3.6s] device NVIDIA GB10; loading SAEs
[    6.5s] SAEs loaded: primary d_sae=24576 (blocks.8.hook_resid_pre), downstream d_sae=24576 (blocks.10.hook_resid_pre); model_from_pretrained_kwargs={'center_writing_weights': True}; prepend_bos=True
Loaded pretrained model gpt2 into HookedTransformer
[    8.4s] model loaded: gpt2 d_model=768 n_layers=12 norm=LNPre dtype=float32
[    8.4s] streaming wikitext-103 train split
[   15.3s] collected 8000 texts (dupes removed: 0); tokenising and caching clean activations
[   15.9s] 2048 contexts x 48 tokens; short texts dropped (v2): 36; contexts whose final token is the pad token: 0
[   21.8s] cached clean final-token activations: prim (2048, 24576) down (2048, 24576); mean L0 primary=71.8 downstream=60.0; primary features never firing=26.5%
[   22.2s] predictors: crowding done
eligible features: 7532 of 24576 | sampled: 300
[   22.3s] predictors: all done
[   22.3s] steering 300 features x 48 contexts
[   93.2s] steering done
{
 "rho_crowding__collateral_raw": 0.4502,
 "rho_frequency__collateral_raw": 0.2297,
 "rho_act_mag__collateral_raw": 0.1145,
 "partial_crowding__collateral_raw__given_freq_actmag": 0.4721,
 "rho_crowding__collateral_ctilde": 0.3127,
 "rho_frequency__collateral_ctilde": 0.1594,
 "rho_act_mag__collateral_ctilde": 0.1411,
 "partial_crowding__collateral_ctilde__given_freq_actmag": 0.3058,
 "crowd_rho_lowfreq_half": 0.4391,
 "crowd_rho_highfreq_half": 0.4824
}
[   93.2s] wrote results/gpt2_small_seed1/per_feature.csv, selection.json, meta.json
