natural activation A/B: a-bar_f := ctx_mean_act
settings: {'gemma_2_2b': 300, 'gpt2_small': 300, 'llama_3_1_8b': 300, 'pythia_70m_deduped': 300}
  gemma_2_2b collateral_raw: done
  gemma_2_2b collateral_ctilde: done
  gemma_2_2b kl_mean: done
  gemma_2_2b kl_per_effect: done
  gemma_2_2b collateral_raw_nodense: done
  gemma_2_2b collateral_ctilde_nodense: done
  gemma_2_2b resid_delta_norm: done
  gemma_2_2b resid_error_delta_norm: done
  gemma_2_2b resid_change_explained_energy: done
  gemma_2_2b stab_anti_frac: done
  gemma_2_2b effect_pc1_ratio: done
  gpt2_small collateral_raw: done
  gpt2_small collateral_ctilde: done
  gpt2_small kl_mean: done
  gpt2_small kl_per_effect: done
  gpt2_small collateral_raw_nodense: done
  gpt2_small collateral_ctilde_nodense: done
  gpt2_small resid_delta_norm: done
  gpt2_small resid_error_delta_norm: done
  gpt2_small resid_change_explained_energy: done
  gpt2_small stab_anti_frac: done
  gpt2_small effect_pc1_ratio: done
  llama_3_1_8b collateral_raw: done
  llama_3_1_8b collateral_ctilde: done
  llama_3_1_8b kl_mean: done
  llama_3_1_8b kl_per_effect: done
  llama_3_1_8b collateral_raw_nodense: done
  llama_3_1_8b collateral_ctilde_nodense: done
  llama_3_1_8b resid_delta_norm: done
  llama_3_1_8b resid_error_delta_norm: done
  llama_3_1_8b resid_change_explained_energy: done
  llama_3_1_8b stab_anti_frac: done
  llama_3_1_8b effect_pc1_ratio: done
  pythia_70m_deduped collateral_raw: done
  pythia_70m_deduped collateral_ctilde: done
  pythia_70m_deduped kl_mean: done
  pythia_70m_deduped kl_per_effect: done
  pythia_70m_deduped collateral_raw_nodense: done
  pythia_70m_deduped collateral_ctilde_nodense: done
  pythia_70m_deduped resid_delta_norm: done
  pythia_70m_deduped resid_error_delta_norm: done
  pythia_70m_deduped resid_change_explained_energy: done
  pythia_70m_deduped stab_anti_frac: done
  pythia_70m_deduped effect_pc1_ratio: done
wrote results/analysis_nuisance_ab/ctx_mean_act
