config: {"name": "pythia_70m_deduped", "protocol": "v2", "smoke": false, "N_TEXTS": 8000, "N_CONTEXTS": 2048, "N_FEATURES": 300, "CTX_PER_TYPE": 16, "PANEL": 2048, "SEQ_LEN": 48, "ALPHA": 1.0, "alpha_mode": "q95", "context_split": "none", "random_directions": false, "TAU": 0.05, "TOPK_CROWD": 20, "FREQ_BAND": [0.002, 0.5], "dtype": "float32", "seed": 0}
[    3.6s] device NVIDIA GB10; loading SAEs
[    6.5s] SAEs loaded: primary d_sae=32768 (blocks.4.hook_resid_post), downstream d_sae=32768 (blocks.5.hook_resid_post); model_from_pretrained_kwargs={}; prepend_bos=False
Loaded pretrained model pythia-70m-deduped into HookedTransformer
[    9.3s] model loaded: pythia-70m-deduped d_model=512 n_layers=6 norm=LNPre dtype=float32
[    9.3s] streaming wikitext-103 train split
[   16.4s] collected 8000 texts (dupes removed: 0); tokenising and caching clean activations
[   17.0s] 2048 contexts x 48 tokens; short texts dropped (v2): 36; contexts whose final token is the pad token: 0
[   21.1s] cached clean final-token activations: prim (2048, 32768) down (2048, 32768); mean L0 primary=68.3 downstream=118.6; primary features never firing=79.2%
[   21.6s] predictors: crowding done
eligible features: 4375 of 32768 | sampled: 300
panel 2048 features; 1969 with firing frequency <= 0.1
[   21.7s] predictors: all done
[   21.7s] steering 300 features x 48 contexts
[   45.5s] steering done
{
 "rho_crowding__collateral_raw": 0.214,
 "rho_frequency__collateral_raw": 0.0315,
 "rho_act_mag__collateral_raw": 0.5948,
 "partial_crowding__collateral_raw__given_freq_actmag": -0.1082,
 "rho_crowding__collateral_ctilde": 0.1979,
 "rho_frequency__collateral_ctilde": 0.2623,
 "rho_act_mag__collateral_ctilde": 0.5721,
 "partial_crowding__collateral_ctilde__given_freq_actmag": 0.0159,
 "crowd_rho_lowfreq_half": 0.1877,
 "crowd_rho_highfreq_half": 0.2461,
 "rho_crowding__collateral_raw_nodense": 0.1842,
 "rho_crowding__resid_delta_norm": 0.2293,
 "mean_resid_sae_frac": 0.7844
}
[   45.5s] wrote results/pythia_70m_deduped_q95/per_feature.csv, selection.json, meta.json
