config: {"name": "pythia_70m_deduped", "protocol": "v2", "smoke": false, "N_TEXTS": 8000, "N_CONTEXTS": 2048, "N_FEATURES": 300, "CTX_PER_TYPE": 16, "PANEL": 2048, "SEQ_LEN": 48, "ALPHA": 1.0, "TAU": 0.05, "TOPK_CROWD": 20, "FREQ_BAND": [0.002, 0.5], "dtype": "float32", "seed": 0}
[    3.7s] device NVIDIA GB10; loading SAEs
[    6.5s] SAEs loaded: primary d_sae=32768 (blocks.4.hook_resid_post), downstream d_sae=32768 (blocks.5.hook_resid_post); model_from_pretrained_kwargs={}; prepend_bos=False
Loaded pretrained model pythia-70m-deduped into HookedTransformer
[    8.1s] model loaded: pythia-70m-deduped d_model=512 n_layers=6 norm=LNPre dtype=float32
[    8.1s] streaming wikitext-103 train split
[   15.4s] collected 8000 texts (dupes removed: 0); tokenising and caching clean activations
[   16.1s] 2048 contexts x 48 tokens; short texts dropped (v2): 36; contexts whose final token is the pad token: 0
[   20.2s] cached clean final-token activations: prim (2048, 32768) down (2048, 32768)
[   20.7s] predictors: crowding done
eligible features: 4375 of 32768 | sampled: 300
[   20.7s] predictors: all done
[   20.7s] steering 300 features x 48 contexts
[   24.9s]   steered 50/300
[   29.1s]   steered 100/300
[   33.2s]   steered 150/300
[   37.4s]   steered 200/300
[   41.5s]   steered 250/300
[   45.8s]   steered 300/300
[   45.8s] steering done
{
 "rho_crowding__collateral_raw": -0.0225,
 "rho_frequency__collateral_raw": 0.1749,
 "rho_act_mag__collateral_raw": 0.1145,
 "partial_crowding__collateral_raw__given_freq_actmag": -0.0257,
 "rho_crowding__collateral_ctilde": 0.0307,
 "rho_frequency__collateral_ctilde": 0.3743,
 "rho_act_mag__collateral_ctilde": 0.2835,
 "partial_crowding__collateral_ctilde__given_freq_actmag": 0.011,
 "crowd_rho_lowfreq_half": 0.1068,
 "crowd_rho_highfreq_half": -0.1567
}
[   45.8s] wrote results/pythia_70m_deduped/per_feature.csv, selection.json, meta.json
