config: {"name": "pythia_70m_deduped", "protocol": "v2", "smoke": false, "N_TEXTS": 8000, "N_CONTEXTS": 2048, "N_FEATURES": 300, "CTX_PER_TYPE": 16, "PANEL": 2048, "SEQ_LEN": 48, "ALPHA": 4.0, "alpha_mode": "fixed", "context_split": "none", "random_directions": false, "TAU": 0.05, "TOPK_CROWD": 20, "FREQ_BAND": [0.002, 0.5], "dtype": "float32", "seed": 0}
[    3.6s] device NVIDIA GB10; loading SAEs
[    6.5s] SAEs loaded: primary d_sae=32768 (blocks.4.hook_resid_post), downstream d_sae=32768 (blocks.5.hook_resid_post); model_from_pretrained_kwargs={}; prepend_bos=False
Loaded pretrained model pythia-70m-deduped into HookedTransformer
[    8.5s] model loaded: pythia-70m-deduped d_model=512 n_layers=6 norm=LNPre dtype=float32
[    8.5s] streaming wikitext-103 train split
[   15.6s] collected 8000 texts (dupes removed: 0); tokenising and caching clean activations
[   16.2s] 2048 contexts x 48 tokens; short texts dropped (v2): 36; contexts whose final token is the pad token: 0
[   20.6s] cached clean final-token activations: prim (2048, 32768) down (2048, 32768); mean L0 primary=68.3 downstream=118.6; primary features never firing=79.2%
[   21.0s] predictors: crowding done
eligible features: 4375 of 32768 | sampled: 300
panel 2048 features; 1969 with firing frequency <= 0.1
[   21.1s] predictors: all done
[   21.1s] steering 300 features x 48 contexts
[   44.9s] steering done
{
 "rho_crowding__collateral_raw": -0.0361,
 "rho_frequency__collateral_raw": 0.3852,
 "rho_act_mag__collateral_raw": 0.3058,
 "partial_crowding__collateral_raw__given_freq_actmag": -0.0731,
 "rho_crowding__collateral_ctilde": 0.0479,
 "rho_frequency__collateral_ctilde": 0.4454,
 "rho_act_mag__collateral_ctilde": 0.3718,
 "partial_crowding__collateral_ctilde__given_freq_actmag": 0.0082,
 "crowd_rho_lowfreq_half": 0.1017,
 "crowd_rho_highfreq_half": -0.2,
 "rho_crowding__collateral_raw_nodense": -0.0688,
 "rho_crowding__resid_delta_norm": 0.0622,
 "mean_resid_sae_frac": 0.8484
}
[   44.9s] wrote results/pythia_70m_deduped_alpha4/per_feature.csv, selection.json, meta.json
